#-----------------------------------------------------------
# Vivado v2019.2.1 (64-bit)
# SW Build 2729669 on Thu Dec  5 04:49:17 MST 2019
# IP Build 2729494 on Thu Dec  5 07:38:25 MST 2019
# Start of session at: Tue Apr 14 14:23:41 2020
# Process ID: 23680
# Current directory: C:/Programs/lab4_341
# Command line: vivado.exe -gui_launcher_event rodinguilauncherevent16832 C:\Programs\lab4_341\lab4_341.xpr
# Log file: C:/Programs/lab4_341/vivado.log
# Journal file: C:/Programs/lab4_341\vivado.jou
#-----------------------------------------------------------
start_gui
open_project C:/Programs/lab4_341/lab4_341.xpr
update_compile_order -fileset sources_1
launch_simulation
generate_target Simulation [get_files C:/Programs/lab4_341/lab4_341.srcs/sources_1/bd/design_1/design_1.bd]
export_ip_user_files -of_objects [get_files C:/Programs/lab4_341/lab4_341.srcs/sources_1/bd/design_1/design_1.bd] -no_script -sync -force -quiet
export_simulation -of_objects [get_files C:/Programs/lab4_341/lab4_341.srcs/sources_1/bd/design_1/design_1.bd] -directory C:/Programs/lab4_341/lab4_341.ip_user_files/sim_scripts -ip_user_files_dir C:/Programs/lab4_341/lab4_341.ip_user_files -ipstatic_source_dir C:/Programs/lab4_341/lab4_341.ip_user_files/ipstatic -lib_map_path [list {modelsim=C:/Programs/lab4_341/lab4_341.cache/compile_simlib/modelsim} {questa=C:/Programs/lab4_341/lab4_341.cache/compile_simlib/questa} {riviera=C:/Programs/lab4_341/lab4_341.cache/compile_simlib/riviera} {activehdl=C:/Programs/lab4_341/lab4_341.cache/compile_simlib/activehdl}] -use_ip_compiled_libs -force -quiet
launch_simulation
update_module_reference design_1_alu_control_0_0
make_wrapper -files [get_files C:/Programs/lab4_341/lab4_341.srcs/sources_1/bd/design_1/design_1.bd] -top
generate_target Simulation [get_files C:/Programs/lab4_341/lab4_341.srcs/sources_1/bd/design_1/design_1.bd]
export_ip_user_files -of_objects [get_files C:/Programs/lab4_341/lab4_341.srcs/sources_1/bd/design_1/design_1.bd] -no_script -sync -force -quiet
export_simulation -of_objects [get_files C:/Programs/lab4_341/lab4_341.srcs/sources_1/bd/design_1/design_1.bd] -directory C:/Programs/lab4_341/lab4_341.ip_user_files/sim_scripts -ip_user_files_dir C:/Programs/lab4_341/lab4_341.ip_user_files -ipstatic_source_dir C:/Programs/lab4_341/lab4_341.ip_user_files/ipstatic -lib_map_path [list {modelsim=C:/Programs/lab4_341/lab4_341.cache/compile_simlib/modelsim} {questa=C:/Programs/lab4_341/lab4_341.cache/compile_simlib/questa} {riviera=C:/Programs/lab4_341/lab4_341.cache/compile_simlib/riviera} {activehdl=C:/Programs/lab4_341/lab4_341.cache/compile_simlib/activehdl}] -use_ip_compiled_libs -force -quiet
launch_simulation
update_module_reference design_1_controlUnit_0_0
make_wrapper -files [get_files C:/Programs/lab4_341/lab4_341.srcs/sources_1/bd/design_1/design_1.bd] -top
generate_target Simulation [get_files C:/Programs/lab4_341/lab4_341.srcs/sources_1/bd/design_1/design_1.bd]
export_ip_user_files -of_objects [get_files C:/Programs/lab4_341/lab4_341.srcs/sources_1/bd/design_1/design_1.bd] -no_script -sync -force -quiet
export_simulation -of_objects [get_files C:/Programs/lab4_341/lab4_341.srcs/sources_1/bd/design_1/design_1.bd] -directory C:/Programs/lab4_341/lab4_341.ip_user_files/sim_scripts -ip_user_files_dir C:/Programs/lab4_341/lab4_341.ip_user_files -ipstatic_source_dir C:/Programs/lab4_341/lab4_341.ip_user_files/ipstatic -lib_map_path [list {modelsim=C:/Programs/lab4_341/lab4_341.cache/compile_simlib/modelsim} {questa=C:/Programs/lab4_341/lab4_341.cache/compile_simlib/questa} {riviera=C:/Programs/lab4_341/lab4_341.cache/compile_simlib/riviera} {activehdl=C:/Programs/lab4_341/lab4_341.cache/compile_simlib/activehdl}] -use_ip_compiled_libs -force -quiet
launch_simulation
source mip_tb.tcl
close_sim
launch_simulation
source cfg_tb_design_1_wrapper.tcl
close_sim
launch_simulation
source cfg_tb_design_1_wrapper.tcl
close_sim
launch_simulation
source cfg_tb_design_1_wrapper.tcl
close_sim
open_bd_design {C:/Programs/lab4_341/lab4_341.srcs/sources_1/bd/design_1/design_1.bd}
